// Jest Snapshot v1, https://jestjs.io/docs/snapshot-testing

exports[`OperatoreForm snapshot 1`] = `
<DocumentFragment>
  <form
    class="flex gap-2"
  >
    <input
      class="border px-2 py-1 rounded"
      placeholder="Nome operatore"
      value=""
    />
    <button
      class="bg-blue-500 text-white px-4 py-1 rounded"
      disabled=""
      type="submit"
    >
      Aggiungi
    </button>
  </form>
</DocumentFragment>
`;
