// Jest Snapshot v1, https://jestjs.io/docs/snapshot-testing

exports[`VCVerifier component matcha lo snapshot 1`] = `
<DocumentFragment>
  <div
    class="flex items-center gap-2"
  >
    <span>
      Stato firma: 
      <span
        class="text-green-600 font-bold"
      >
        âœ… Valida
      </span>
    </span>
  </div>
</DocumentFragment>
`;
